{
  "type": "node",
  "bundle": "collection_object",
  "title": "Parent Collection"
}
