{
  "type": "media",
  "bundle": "file",
  "name": "Geo Tif file",
  "unique_id": "media_file_00001",
  "original_name": "NEFF1851_GEO.tfw",
  "size": 44,
  "mime_type": "application/octet-stream",
  "restricted_access": true,
  "use": [
    "Preservation Master File",
    "Original File"
  ],
  "access_terms": [
    "Media Group B",
    "Media Group A"
  ],
  "media_of": "Media Migration Repository Item One",
  "uri": {
    "url": "/system/files/2b/ad/93/5635dd338a834b391d8497bb02620341fa",
    "value": "private://2b/ad/93/5635dd338a834b391d8497bb02620341fa"
  }
}
